------------------------------------------------------------
Timing Analyzer Summary
------------------------------------------------------------

Type  : Slow 1200mV 85C Model Setup 'ball_speed[0]'
Slack : -12.078
TNS   : -245.668

Type  : Slow 1200mV 85C Model Setup 'reset'
Slack : -11.119
TNS   : -32.850

Type  : Slow 1200mV 85C Model Setup 'div_gen:U0|temp'
Slack : -8.064
TNS   : -530.226

Type  : Slow 1200mV 85C Model Setup 'sync_generator:u1|Hsync'
Slack : -4.987
TNS   : -33.353

Type  : Slow 1200mV 85C Model Setup 'clk'
Slack : -3.054
TNS   : -147.746

Type  : Slow 1200mV 85C Model Setup 'div_gen:u3|temp'
Slack : -2.757
TNS   : -43.788

Type  : Slow 1200mV 85C Model Hold 'clk'
Slack : 0.348
TNS   : 0.000

Type  : Slow 1200mV 85C Model Hold 'div_gen:U0|temp'
Slack : 0.348
TNS   : 0.000

Type  : Slow 1200mV 85C Model Hold 'sync_generator:u1|Hsync'
Slack : 0.348
TNS   : 0.000

Type  : Slow 1200mV 85C Model Hold 'ball_speed[0]'
Slack : 0.498
TNS   : 0.000

Type  : Slow 1200mV 85C Model Hold 'div_gen:u3|temp'
Slack : 0.951
TNS   : 0.000

Type  : Slow 1200mV 85C Model Hold 'reset'
Slack : 2.654
TNS   : 0.000

Type  : Slow 1200mV 85C Model Recovery 'div_gen:u3|temp'
Slack : -2.473
TNS   : -48.506

Type  : Slow 1200mV 85C Model Recovery 'sync_generator:u1|Hsync'
Slack : -2.292
TNS   : -41.598

Type  : Slow 1200mV 85C Model Recovery 'div_gen:U0|temp'
Slack : -2.127
TNS   : -161.761

Type  : Slow 1200mV 85C Model Recovery 'clk'
Slack : -2.038
TNS   : -127.254

Type  : Slow 1200mV 85C Model Recovery 'ball_speed[0]'
Slack : 0.496
TNS   : 0.000

Type  : Slow 1200mV 85C Model Removal 'ball_speed[0]'
Slack : -1.560
TNS   : -35.417

Type  : Slow 1200mV 85C Model Removal 'div_gen:U0|temp'
Slack : 1.088
TNS   : 0.000

Type  : Slow 1200mV 85C Model Removal 'clk'
Slack : 1.266
TNS   : 0.000

Type  : Slow 1200mV 85C Model Removal 'sync_generator:u1|Hsync'
Slack : 1.513
TNS   : 0.000

Type  : Slow 1200mV 85C Model Removal 'div_gen:u3|temp'
Slack : 2.068
TNS   : 0.000

Type  : Slow 1200mV 85C Model Minimum Pulse Width 'clk'
Slack : -3.000
TNS   : -99.807

Type  : Slow 1200mV 85C Model Minimum Pulse Width 'ball_speed[0]'
Slack : -3.000
TNS   : -35.269

Type  : Slow 1200mV 85C Model Minimum Pulse Width 'reset'
Slack : -3.000
TNS   : -3.000

Type  : Slow 1200mV 85C Model Minimum Pulse Width 'div_gen:U0|temp'
Slack : -1.403
TNS   : -122.061

Type  : Slow 1200mV 85C Model Minimum Pulse Width 'sync_generator:u1|Hsync'
Slack : -1.403
TNS   : -30.866

Type  : Slow 1200mV 85C Model Minimum Pulse Width 'div_gen:u3|temp'
Slack : -1.403
TNS   : -28.060

Type  : Slow 1200mV 0C Model Setup 'ball_speed[0]'
Slack : -11.090
TNS   : -225.120

Type  : Slow 1200mV 0C Model Setup 'reset'
Slack : -10.296
TNS   : -30.272

Type  : Slow 1200mV 0C Model Setup 'div_gen:U0|temp'
Slack : -7.509
TNS   : -489.439

Type  : Slow 1200mV 0C Model Setup 'sync_generator:u1|Hsync'
Slack : -4.536
TNS   : -28.474

Type  : Slow 1200mV 0C Model Setup 'clk'
Slack : -2.677
TNS   : -128.689

Type  : Slow 1200mV 0C Model Setup 'div_gen:u3|temp'
Slack : -2.447
TNS   : -38.426

Type  : Slow 1200mV 0C Model Hold 'ball_speed[0]'
Slack : 0.300
TNS   : 0.000

Type  : Slow 1200mV 0C Model Hold 'clk'
Slack : 0.312
TNS   : 0.000

Type  : Slow 1200mV 0C Model Hold 'sync_generator:u1|Hsync'
Slack : 0.312
TNS   : 0.000

Type  : Slow 1200mV 0C Model Hold 'div_gen:U0|temp'
Slack : 0.313
TNS   : 0.000

Type  : Slow 1200mV 0C Model Hold 'div_gen:u3|temp'
Slack : 0.877
TNS   : 0.000

Type  : Slow 1200mV 0C Model Hold 'reset'
Slack : 2.405
TNS   : 0.000

Type  : Slow 1200mV 0C Model Recovery 'div_gen:u3|temp'
Slack : -2.160
TNS   : -42.364

Type  : Slow 1200mV 0C Model Recovery 'sync_generator:u1|Hsync'
Slack : -2.041
TNS   : -36.723

Type  : Slow 1200mV 0C Model Recovery 'div_gen:U0|temp'
Slack : -1.984
TNS   : -142.482

Type  : Slow 1200mV 0C Model Recovery 'clk'
Slack : -1.793
TNS   : -111.631

Type  : Slow 1200mV 0C Model Recovery 'ball_speed[0]'
Slack : 0.584
TNS   : 0.000

Type  : Slow 1200mV 0C Model Removal 'ball_speed[0]'
Slack : -1.577
TNS   : -35.866

Type  : Slow 1200mV 0C Model Removal 'div_gen:U0|temp'
Slack : 1.024
TNS   : 0.000

Type  : Slow 1200mV 0C Model Removal 'clk'
Slack : 1.294
TNS   : 0.000

Type  : Slow 1200mV 0C Model Removal 'sync_generator:u1|Hsync'
Slack : 1.528
TNS   : 0.000

Type  : Slow 1200mV 0C Model Removal 'div_gen:u3|temp'
Slack : 2.043
TNS   : 0.000

Type  : Slow 1200mV 0C Model Minimum Pulse Width 'clk'
Slack : -3.000
TNS   : -99.807

Type  : Slow 1200mV 0C Model Minimum Pulse Width 'ball_speed[0]'
Slack : -3.000
TNS   : -35.269

Type  : Slow 1200mV 0C Model Minimum Pulse Width 'reset'
Slack : -3.000
TNS   : -3.000

Type  : Slow 1200mV 0C Model Minimum Pulse Width 'div_gen:U0|temp'
Slack : -1.403
TNS   : -122.061

Type  : Slow 1200mV 0C Model Minimum Pulse Width 'sync_generator:u1|Hsync'
Slack : -1.403
TNS   : -30.866

Type  : Slow 1200mV 0C Model Minimum Pulse Width 'div_gen:u3|temp'
Slack : -1.403
TNS   : -28.060

Type  : Fast 1200mV 0C Model Setup 'ball_speed[0]'
Slack : -4.792
TNS   : -95.633

Type  : Fast 1200mV 0C Model Setup 'reset'
Slack : -4.292
TNS   : -12.675

Type  : Fast 1200mV 0C Model Setup 'div_gen:U0|temp'
Slack : -2.915
TNS   : -172.568

Type  : Fast 1200mV 0C Model Setup 'sync_generator:u1|Hsync'
Slack : -1.574
TNS   : -4.063

Type  : Fast 1200mV 0C Model Setup 'clk'
Slack : -0.697
TNS   : -24.493

Type  : Fast 1200mV 0C Model Setup 'div_gen:u3|temp'
Slack : -0.597
TNS   : -7.245

Type  : Fast 1200mV 0C Model Hold 'clk'
Slack : 0.152
TNS   : 0.000

Type  : Fast 1200mV 0C Model Hold 'div_gen:U0|temp'
Slack : 0.152
TNS   : 0.000

Type  : Fast 1200mV 0C Model Hold 'sync_generator:u1|Hsync'
Slack : 0.152
TNS   : 0.000

Type  : Fast 1200mV 0C Model Hold 'ball_speed[0]'
Slack : 0.238
TNS   : 0.000

Type  : Fast 1200mV 0C Model Hold 'div_gen:u3|temp'
Slack : 0.355
TNS   : 0.000

Type  : Fast 1200mV 0C Model Hold 'reset'
Slack : 0.985
TNS   : 0.000

Type  : Fast 1200mV 0C Model Recovery 'div_gen:u3|temp'
Slack : -1.166
TNS   : -22.614

Type  : Fast 1200mV 0C Model Recovery 'div_gen:U0|temp'
Slack : -0.996
TNS   : -73.982

Type  : Fast 1200mV 0C Model Recovery 'clk'
Slack : -0.906
TNS   : -55.724

Type  : Fast 1200mV 0C Model Recovery 'sync_generator:u1|Hsync'
Slack : -0.851
TNS   : -14.130

Type  : Fast 1200mV 0C Model Recovery 'ball_speed[0]'
Slack : 0.119
TNS   : 0.000

Type  : Fast 1200mV 0C Model Removal 'ball_speed[0]'
Slack : -0.538
TNS   : -12.187

Type  : Fast 1200mV 0C Model Removal 'clk'
Slack : 0.345
TNS   : 0.000

Type  : Fast 1200mV 0C Model Removal 'div_gen:U0|temp'
Slack : 0.372
TNS   : 0.000

Type  : Fast 1200mV 0C Model Removal 'sync_generator:u1|Hsync'
Slack : 0.431
TNS   : 0.000

Type  : Fast 1200mV 0C Model Removal 'div_gen:u3|temp'
Slack : 0.644
TNS   : 0.000

Type  : Fast 1200mV 0C Model Minimum Pulse Width 'clk'
Slack : -3.000
TNS   : -74.076

Type  : Fast 1200mV 0C Model Minimum Pulse Width 'ball_speed[0]'
Slack : -3.000
TNS   : -31.973

Type  : Fast 1200mV 0C Model Minimum Pulse Width 'reset'
Slack : -3.000
TNS   : -3.000

Type  : Fast 1200mV 0C Model Minimum Pulse Width 'div_gen:U0|temp'
Slack : -1.000
TNS   : -87.000

Type  : Fast 1200mV 0C Model Minimum Pulse Width 'sync_generator:u1|Hsync'
Slack : -1.000
TNS   : -22.000

Type  : Fast 1200mV 0C Model Minimum Pulse Width 'div_gen:u3|temp'
Slack : -1.000
TNS   : -20.000

------------------------------------------------------------
